// Jest Snapshot v1, https://goo.gl/fbAQLP

exports[`The Site footer renderers as expected 1`] = `
<footer
  className="root"
>
  <hr
    className="line"
  />
  <div
    className="footerContent"
  >
    <small>
      Copyright Â© 
      2022
       Harry Ammon
    </small>
    <div
      className="socialMedia"
    >
      <a
        className="root"
        href="https://github.com/HarryAmmon"
        target="_blank"
      >
        GitHub
      </a>
      <a
        className="root"
        href="https://twitter.com/harry_a99"
        target="_blank"
      >
        Twitter
      </a>
      <a
        className="root"
        href="https://linkedin.com/in/harry-ammon-3a1995150"
        target="_blank"
      >
        LinkedIn
      </a>
    </div>
  </div>
</footer>
`;
